[0m16:37:28.493618 [debug] [MainThread]: Sending event: {'category': 'dbt', 'action': 'invocation', 'label': 'start', 'context': [<snowplow_tracker.self_describing_json.SelfDescribingJson object at 0x000001EEDDBB4D70>, <snowplow_tracker.self_describing_json.SelfDescribingJson object at 0x000001EEDE5DBED0>, <snowplow_tracker.self_describing_json.SelfDescribingJson object at 0x000001EEDECCBD90>]}


============================== 16:37:28.547550 | 3682c7a8-926c-40e0-b811-5d67bdded88c ==============================
[0m16:37:28.547550 [info ] [MainThread]: Running with dbt=1.10.13
[0m16:37:28.549489 [debug] [MainThread]: running dbt with arguments {'partial_parse': 'True', 'warn_error_options': 'WarnErrorOptionsV2(error=[], warn=[], silence=[])', 'send_anonymous_usage_stats': 'True', 'version_check': 'True', 'cache_selected_only': 'False', 'target_path': 'None', 'use_colors': 'True', 'invocation_command': 'dbt init calibviz-pipeline', 'log_format': 'default', 'warn_error': 'None', 'introspect': 'True', 'debug': 'False', 'printer_width': '80', 'fail_fast': 'False', 'no_print': 'None', 'empty': 'None', 'use_experimental_parser': 'False', 'log_cache_events': 'False', 'quiet': 'False', 'log_path': 'logs', 'indirect_selection': 'eager', 'profiles_dir': 'C:\\Users\\kng\\.dbt', 'static_parser': 'True', 'write_json': 'True'}
[0m16:37:46.584165 [debug] [MainThread]: Starter project path: C:\Users\kng\Documents\GitHub\calibviz-pipeline\.venv\Lib\site-packages\dbt\include\starter_project
[0m16:37:46.705711 [info ] [MainThread]: 
Your new dbt project "calibviz_pipeline" was created!

For more information on how to configure the profiles.yml file,
please consult the dbt documentation here:

  https://docs.getdbt.com/docs/configure-your-profile

One more thing:

Need help? Don't hesitate to reach out to us via GitHub issues or on Slack:

  https://community.getdbt.com/

Happy modeling!

[0m16:37:46.707527 [info ] [MainThread]: Setting up your profile.
[0m16:37:59.881260 [debug] [MainThread]: Command `dbt init` succeeded at 16:37:59.881032 after 31.75 seconds
[0m16:37:59.881710 [debug] [MainThread]: Sending event: {'category': 'dbt', 'action': 'invocation', 'label': 'end', 'context': [<snowplow_tracker.self_describing_json.SelfDescribingJson object at 0x000001EEDED0B100>, <snowplow_tracker.self_describing_json.SelfDescribingJson object at 0x000001EEDE6245F0>, <snowplow_tracker.self_describing_json.SelfDescribingJson object at 0x000001EEDFE39150>]}
[0m16:37:59.882118 [debug] [MainThread]: Flushing usage events
[0m16:38:02.080517 [debug] [MainThread]: An error was encountered while trying to flush usage events
[0m17:02:23.527405 [debug] [MainThread]: Sending event: {'category': 'dbt', 'action': 'invocation', 'label': 'start', 'context': [<snowplow_tracker.self_describing_json.SelfDescribingJson object at 0x000001F2D26C4D70>, <snowplow_tracker.self_describing_json.SelfDescribingJson object at 0x000001F2D30EBED0>, <snowplow_tracker.self_describing_json.SelfDescribingJson object at 0x000001F2D37DFD90>]}


============================== 17:02:23.538242 | 68d5a81a-6823-4a79-aa69-a23c2c0afcc4 ==============================
[0m17:02:23.538242 [info ] [MainThread]: Running with dbt=1.10.13
[0m17:02:23.539574 [debug] [MainThread]: running dbt with arguments {'partial_parse': 'True', 'profiles_dir': 'C:\\Users\\kng\\.dbt', 'send_anonymous_usage_stats': 'True', 'version_check': 'True', 'cache_selected_only': 'False', 'target_path': 'None', 'use_colors': 'True', 'invocation_command': 'dbt run', 'log_format': 'default', 'warn_error': 'None', 'introspect': 'True', 'debug': 'False', 'log_cache_events': 'False', 'fail_fast': 'False', 'no_print': 'None', 'use_experimental_parser': 'False', 'empty': 'False', 'printer_width': '80', 'quiet': 'False', 'indirect_selection': 'eager', 'log_path': 'logs', 'write_json': 'True', 'warn_error_options': 'WarnErrorOptionsV2(error=[], warn=[], silence=[])', 'static_parser': 'True'}
[0m17:02:23.540713 [error] [MainThread]: Encountered an error:
Runtime Error
  No dbt_project.yml found at expected path C:\Users\kng\Documents\GitHub\calibviz-pipeline\dbt_project.yml
  Verify that each entry within packages.yml (and their transitive dependencies) contains a file named dbt_project.yml
  
[0m17:02:23.542949 [debug] [MainThread]: Command `dbt run` failed at 17:02:23.542671 after 0.35 seconds
[0m17:02:23.543709 [debug] [MainThread]: Sending event: {'category': 'dbt', 'action': 'invocation', 'label': 'end', 'context': [<snowplow_tracker.self_describing_json.SelfDescribingJson object at 0x000001F2D3814770>, <snowplow_tracker.self_describing_json.SelfDescribingJson object at 0x000001F2D36B3770>, <snowplow_tracker.self_describing_json.SelfDescribingJson object at 0x000001F2D366D480>]}
[0m17:02:23.544193 [debug] [MainThread]: Flushing usage events
[0m17:02:24.207356 [debug] [MainThread]: An error was encountered while trying to flush usage events
[0m11:04:38.232096 [debug] [MainThread]: Sending event: {'category': 'dbt', 'action': 'invocation', 'label': 'start', 'context': [<snowplow_tracker.self_describing_json.SelfDescribingJson object at 0x0000024C7A398C20>, <snowplow_tracker.self_describing_json.SelfDescribingJson object at 0x0000024C7B4A3ED0>, <snowplow_tracker.self_describing_json.SelfDescribingJson object at 0x0000024C7B4A3C50>]}


============================== 11:04:38.241228 | 74c48020-16d3-487c-aed0-80c54ca409d4 ==============================
[0m11:04:38.241228 [info ] [MainThread]: Running with dbt=1.10.13
[0m11:04:38.242319 [debug] [MainThread]: running dbt with arguments {'partial_parse': 'True', 'profiles_dir': 'C:\\Users\\kng\\.dbt', 'send_anonymous_usage_stats': 'True', 'use_colors': 'True', 'cache_selected_only': 'False', 'target_path': 'None', 'warn_error': 'None', 'invocation_command': 'dbt run', 'log_format': 'default', 'version_check': 'True', 'introspect': 'True', 'debug': 'False', 'printer_width': '80', 'fail_fast': 'False', 'no_print': 'None', 'quiet': 'False', 'use_experimental_parser': 'False', 'empty': 'False', 'log_cache_events': 'False', 'indirect_selection': 'eager', 'log_path': 'logs', 'write_json': 'True', 'static_parser': 'True', 'warn_error_options': 'WarnErrorOptionsV2(error=[], warn=[], silence=[])'}
[0m11:04:38.242808 [error] [MainThread]: Encountered an error:
Runtime Error
  No dbt_project.yml found at expected path C:\Users\kng\Documents\GitHub\calibviz-pipeline\dbt_project.yml
  Verify that each entry within packages.yml (and their transitive dependencies) contains a file named dbt_project.yml
  
[0m11:04:38.243915 [debug] [MainThread]: Command `dbt run` failed at 11:04:38.243780 after 0.29 seconds
[0m11:04:38.244327 [debug] [MainThread]: Sending event: {'category': 'dbt', 'action': 'invocation', 'label': 'end', 'context': [<snowplow_tracker.self_describing_json.SelfDescribingJson object at 0x0000024C7B4F83E0>, <snowplow_tracker.self_describing_json.SelfDescribingJson object at 0x0000024C7B508050>, <snowplow_tracker.self_describing_json.SelfDescribingJson object at 0x0000024C7B359040>]}
[0m11:04:38.244680 [debug] [MainThread]: Flushing usage events
[0m11:04:39.015012 [debug] [MainThread]: An error was encountered while trying to flush usage events
[0m11:04:50.775004 [debug] [MainThread]: Sending event: {'category': 'dbt', 'action': 'invocation', 'label': 'start', 'context': [<snowplow_tracker.self_describing_json.SelfDescribingJson object at 0x000001A8C0258C20>, <snowplow_tracker.self_describing_json.SelfDescribingJson object at 0x000001A8C1363ED0>, <snowplow_tracker.self_describing_json.SelfDescribingJson object at 0x000001A8C1363C50>]}


============================== 11:04:50.781215 | d5ed5e6e-709c-493e-b82b-caaa7547f1d2 ==============================
[0m11:04:50.781215 [info ] [MainThread]: Running with dbt=1.10.13
[0m11:04:50.782022 [debug] [MainThread]: running dbt with arguments {'partial_parse': 'True', 'warn_error_options': 'WarnErrorOptionsV2(error=[], warn=[], silence=[])', 'send_anonymous_usage_stats': 'True', 'use_colors': 'True', 'cache_selected_only': 'False', 'target_path': 'None', 'warn_error': 'None', 'invocation_command': 'dbt build', 'log_format': 'default', 'version_check': 'True', 'introspect': 'True', 'debug': 'False', 'printer_width': '80', 'fail_fast': 'False', 'no_print': 'None', 'empty': 'False', 'use_experimental_parser': 'False', 'quiet': 'False', 'log_cache_events': 'False', 'indirect_selection': 'eager', 'log_path': 'logs', 'profiles_dir': 'C:\\Users\\kng\\.dbt', 'static_parser': 'True', 'write_json': 'True'}
[0m11:04:50.782565 [error] [MainThread]: Encountered an error:
Runtime Error
  No dbt_project.yml found at expected path C:\Users\kng\Documents\GitHub\calibviz-pipeline\dbt_project.yml
  Verify that each entry within packages.yml (and their transitive dependencies) contains a file named dbt_project.yml
  
[0m11:04:50.783696 [debug] [MainThread]: Command `dbt build` failed at 11:04:50.783559 after 0.19 seconds
[0m11:04:50.784036 [debug] [MainThread]: Sending event: {'category': 'dbt', 'action': 'invocation', 'label': 'end', 'context': [<snowplow_tracker.self_describing_json.SelfDescribingJson object at 0x000001A8C13BC3E0>, <snowplow_tracker.self_describing_json.SelfDescribingJson object at 0x000001A8C13CC050>, <snowplow_tracker.self_describing_json.SelfDescribingJson object at 0x000001A8C1219040>]}
[0m11:04:50.784376 [debug] [MainThread]: Flushing usage events
[0m11:04:51.373473 [debug] [MainThread]: An error was encountered while trying to flush usage events
